  AddOutlineThicknessCommand.cpp
  Button.cpp
  CCircle.cpp
D:\ПГТУ\ood-labs\lw2D\CCircle.cpp(7,15): warning C4244: инициализация: преобразование "float" в "int", возможна потеря данных
D:\ПГТУ\ood-labs\lw2D\CCircle.cpp(9,29): warning C4244: аргумент: преобразование "int" в "float", возможна потеря данных
D:\ПГТУ\ood-labs\lw2D\CCircle.cpp(21,12): warning C4244: return: преобразование "const int" в "float", возможна потеря данных
  CCompositeShape.cpp
  CConvex.cpp
  CFiguresHandler.cpp
  CreateCircleCommand.cpp
  CRectangle.cpp
  DnDState.cpp
  FillOutlineState.cpp
  FillShapeState.cpp
  lw1.cpp
  FillOutlineCommand.h
  FillOutlineVisitor.cpp
  FillShapeCommand.h
  FillVisitor.cpp
  Memento.cpp
  ReduceThicknessCommand.h
  SetBlueColorCommand.h
  SetGreenColorCommand.h
  Создание кода...
  Компиляция...
  SetRedColorCommand.h
  ShapeOp.cpp
  ChangeOutlineThicknessVisitor.cpp
  State.h
  ToolBar.cpp
  Создание кода...
  lw1.vcxproj -> D:\ПГТУ\ood-labs\lw2D\x64\Debug\lw1.exe
