c:\users\user310\desktop\lw2d\x64\debug\vc143.pdb
c:\users\user310\desktop\lw2d\x64\debug\vc143.idb
c:\users\user310\desktop\lw2d\x64\debug\savefilestrategy.obj
c:\users\user310\desktop\lw2d\x64\debug\savebinstrategy.obj
c:\users\user310\desktop\lw2d\x64\debug\reducethicknesscommand.obj
c:\users\user310\desktop\lw2d\x64\debug\memento.obj
c:\users\user310\desktop\lw2d\x64\debug\fillvisitor.obj
c:\users\user310\desktop\lw2d\x64\debug\fillshapecommand.obj
c:\users\user310\desktop\lw2d\x64\debug\filloutlinevisitor.obj
c:\users\user310\desktop\lw2d\x64\debug\filloutlinecommand.obj
c:\users\user310\desktop\lw2d\x64\debug\lw1.obj
c:\users\user310\desktop\lw2d\x64\debug\fillshapestate.obj
c:\users\user310\desktop\lw2d\x64\debug\filloutlinestate.obj
c:\users\user310\desktop\lw2d\x64\debug\dndstate.obj
c:\users\user310\desktop\lw2d\x64\debug\crectangle.obj
c:\users\user310\desktop\lw2d\x64\debug\createcirclecommand.obj
c:\users\user310\desktop\lw2d\x64\debug\cfigureshandler.obj
c:\users\user310\desktop\lw2d\x64\debug\cconvex.obj
c:\users\user310\desktop\lw2d\x64\debug\ccompositeshape.obj
c:\users\user310\desktop\lw2d\x64\debug\ccircle.obj
c:\users\user310\desktop\lw2d\x64\debug\button.obj
c:\users\user310\desktop\lw2d\x64\debug\addoutlinethicknesscommand.obj
c:\users\user310\desktop\lw2d\x64\debug\toolbar.obj
c:\users\user310\desktop\lw2d\x64\debug\state.obj
c:\users\user310\desktop\lw2d\x64\debug\changeoutlinethicknessvisitor.obj
c:\users\user310\desktop\lw2d\x64\debug\shapeop.obj
c:\users\user310\desktop\lw2d\x64\debug\setredcolorcommand.obj
c:\users\user310\desktop\lw2d\x64\debug\setgreencolorcommand.obj
c:\users\user310\desktop\lw2d\x64\debug\setbluecolorcommand.obj
c:\users\user310\desktop\lw2d\x64\debug\savetextfilestrategy.obj
c:\users\user310\desktop\lw2d\x64\debug\lw1.exe
c:\users\user310\desktop\lw2d\x64\debug\lw1.ilk
c:\users\user310\desktop\lw2d\x64\debug\lw1.pdb
c:\users\user310\desktop\lw2d\x64\debug\lw1.tlog\cl.command.1.tlog
c:\users\user310\desktop\lw2d\x64\debug\lw1.tlog\cl.items.tlog
c:\users\user310\desktop\lw2d\x64\debug\lw1.tlog\cl.read.1.tlog
c:\users\user310\desktop\lw2d\x64\debug\lw1.tlog\cl.write.1.tlog
c:\users\user310\desktop\lw2d\x64\debug\lw1.tlog\link.command.1.tlog
c:\users\user310\desktop\lw2d\x64\debug\lw1.tlog\link.read.1.tlog
c:\users\user310\desktop\lw2d\x64\debug\lw1.tlog\link.write.1.tlog
